Microchip MPLAB XC8 Compiler V2.46

Linker command line:

-W-3 \
  --edf=C:\Program Files\Microchip\xc8\v2.46\pic\dat\20240104201356_en.msgs \
  -cn -h+dist/default/production\RTC_Set_Data.X.production.sym \
  --cmf=dist/default/production\RTC_Set_Data.X.production.cmf -z -Q18F4550 \
  -oC:\Users\eduar\AppData\Local\Temp\xcAsjbo.\driver_tmp_3.o \
  --defsym=__MPLAB_BUILD=1 --fixupoverflow=error \
  -Mdist/default/production/RTC_Set_Data.X.production.map \
  --md=C:\Users\eduar\AppData\Local\Temp\xcAsjbo.\driver_tmp_0.dat -E1 \
  -ver=XC8 Compiler --acfsm=1493 -ACODE=00h-07FFFh -ACONST=00h-07FFFh \
  -ASMALLCONST=0800h-08FFhx120 -AMEDIUMCONST=0800h-07FFFh -ACOMRAM=01h-05Fh \
  -AABS1=00h-07FFh -ABIGRAM=01h-07FFh -ARAM=060h-0FFh,0100h-01FFhx7 \
  -ABANK0=060h-0FFh -ABANK1=0100h-01FFh -ABANK2=0200h-02FFh \
  -ABANK3=0300h-03FFh -ABANK4=0400h-04FFh -ABANK5=0500h-05FFh \
  -ABANK6=0600h-06FFh -ABANK7=0700h-07FFh -ASFR=0F60h-0FFFh \
  -ABIGSFR=0F60h-0FFFh -ACONFIG=0300000h-030000Dh -AIDLOC=0200000h-0200007h \
  -AEEDATA=0F00000h-0F000FFh -peeprom_data=EEDATA \
  -preset_vec=00h,intcode,sivt_hi,intcodelo,sivt_lo,powerup,init \
  -pramtop=0800h -psmallconst=SMALLCONST -pmediumconst=MEDIUMCONST \
  -pconst=CONST -AFARRAM=00h-00h \
  -prdata=COMRAM,nvrram=COMRAM,nvbit=COMRAM,rbss=COMRAM,rbit=COMRAM \
  -pfarbss=FARRAM,fardata=FARRAM,nvFARRAM=FARRAM \
  -pintsave_regs=BIGRAM,bigbss=BIGRAM,bigdata=BIGRAM -pbss=RAM \
  -pidata=CODE,irdata=CODE,ibigdata=CODE,ifardata=CODE -prparam=COMRAM \
  C:\Users\eduar\AppData\Local\Temp\xcAsjbo.\driver_tmp_14.o \
  dist/default/production\RTC_Set_Data.X.production.o 

Object code version is 3.11

Machine type is 18F4550



                Name                               Link     Load   Length Selector   Space Scale
C:\Users\eduar\AppData\Local\Temp\xcAsjbo.\driver_tmp_14.o
                idloc                            200000   200000        8        0       5
                config                           300000   300000        E        0       4
                init                                  0        0        4        0       0
dist/default/production\RTC_Set_Data.X.production.o
                idloc                            200000   200000        8        0       5
                config                           300000   300000        E        0       4
                smallconst                          800      800       46      400       0
                text33                             1592     1592       16      423       0
                text32                             157C     157C       16      423       0
                text31                             1566     1566       16      423       0
                text30                             15D0     15D0       14      423       0
                text29                             15BC     15BC       14      423       0
                text28                             15A8     15A8       14      423       0
                text27                             154C     154C       1A      423       0
                text26                             14B6     14B6       2E      423       0
                text25                             11F0     11F0       74      423       0
                text24                             1324     1324       42      423       0
                text23                             12C8     12C8       5C      423       0
                text22                             152C     152C       20      423       0
                text21                             15F4     15F4        E      423       0
                text20                             107C     107C       82      423       0
                text19                              FF6      FF6       86      423       0
                text18                             141C     141C       38      423       0
                text17                             10FE     10FE       7E      423       0
                text16                              D6C      D6C       B0      423       0
                text15                             1488     1488       2E      423       0
                text14                             13E0     13E0       3C      423       0
                text13                             15E4     15E4       10      423       0
                text12                             14E4     14E4       26      423       0
                text11                              EC6      EC6       A6      423       0
                text10                             117C     117C       74      423       0
                text9                              1264     1264       64      423       0
                text8                              1602     1602        2      423       0
                text7                               E1C      E1C       AA      423       0
                text6                              13A4     13A4       3C      423       0
                text5                               F6C      F6C       8A      423       0
                text4                               C8C      C8C       E0      423       0
                text3                               B32      B32      15A      423       0
                text2                              1366     1366       3E      423       0
                text1                              1454     1454       34      423       0
                text0                               846      846      2EC      423       0
                cstackCOMRAM                          1        1       40        1       1
                bssBANK0                             60       60       34       60       1
                bssCOMRAM                            41       41        D        1       1
                cinit                              150A     150A       22      423       0

TOTAL           Name                               Link     Load   Length     Space
        CLASS   CODE           
                init                                  0        0        4         0
                text33                             1592     1592       16         0
                text32                             157C     157C       16         0
                text31                             1566     1566       16         0
                text30                             15D0     15D0       14         0
                text29                             15BC     15BC       14         0
                text28                             15A8     15A8       14         0
                text27                             154C     154C       1A         0
                text26                             14B6     14B6       2E         0
                text25                             11F0     11F0       74         0
                text24                             1324     1324       42         0
                text23                             12C8     12C8       5C         0
                text22                             152C     152C       20         0
                text21                             15F4     15F4        E         0
                text20                             107C     107C       82         0
                text19                              FF6      FF6       86         0
                text18                             141C     141C       38         0
                text17                             10FE     10FE       7E         0
                text16                              D6C      D6C       B0         0
                text15                             1488     1488       2E         0
                text14                             13E0     13E0       3C         0
                text13                             15E4     15E4       10         0
                text12                             14E4     14E4       26         0
                text11                              EC6      EC6       A6         0
                text10                             117C     117C       74         0
                text9                              1264     1264       64         0
                text8                              1602     1602        2         0
                text7                               E1C      E1C       AA         0
                text6                              13A4     13A4       3C         0
                text5                               F6C      F6C       8A         0
                text4                               C8C      C8C       E0         0
                text3                               B32      B32      15A         0
                text2                              1366     1366       3E         0
                text1                              1454     1454       34         0
                text0                               846      846      2EC         0
                cinit                              150A     150A       22         0

        CLASS   CONST          

        CLASS   SMALLCONST     
                smallconst                          800      800       46         0

        CLASS   MEDIUMCONST    

        CLASS   COMRAM         
                cstackCOMRAM                          1        1       40         1
                bssCOMRAM                            41       41        D         1

        CLASS   ABS1           

        CLASS   BIGRAM         

        CLASS   RAM            

        CLASS   BANK0          
                bssBANK0                             60       60       34         1

        CLASS   BANK1          

        CLASS   BANK2          

        CLASS   BANK3          

        CLASS   BANK4          

        CLASS   BANK5          

        CLASS   BANK6          

        CLASS   BANK7          

        CLASS   SFR            

        CLASS   BIGSFR         

        CLASS   CONFIG         
                config                           300000   300000        E         4

        CLASS   IDLOC          
                idloc                            200000   200000        8         5

        CLASS   EEDATA         

        CLASS   FARRAM         

        CLASS   HEAP           

        CLASS   STACK          



SEGMENTS        Name                           Load    Length   Top    Selector   Space  Class

                reset_vec                      000000  000004  000004         0       0  CODE    
                cstackCOMRAM                   000001  00004D  00004E         1       1  COMRAM  
                bssBANK0                       000060  000034  000094        60       1  BANK0   
                smallconst                     000800  000046  000846       400       0  SMALLCON
                text0                          000846  000DBE  001604       423       0  CODE    


UNUSED ADDRESS RANGES

        Name                Unused          Largest block    Delta
        BANK0            000094-0000FF               6C
        BANK1            000100-0001FF              100
        BANK2            000200-0002FF              100
        BANK3            000300-0003FF              100
        BANK4            000400-0004FF              100
        BANK5            000500-0005FF              100
        BANK6            000600-0006FF              100
        BANK7            000700-0007FF              100
        BIGRAM           00004E-00005F               12
                         000094-0007FF              76C
        BIGSFR           000F60-000FFF               A0
        CODE             000004-0007FF              7FC
                         001604-007FFF             69FC
        COMRAM           00004E-00005F               12
        CONST            000004-0007FF              7FC
                         001604-007FFF             69FC
        EEDATA           F00000-F000FF              100
        MEDIUMCONST      001604-007FFF             69FC
        RAM              000094-0007FF              100
        SFR              000F60-000FFF               A0
        SMALLCONST       001604-007FFF              100

                                  Symbol Table

?___awmod                        cstackCOMRAM 000001
?___lwdiv                        cstackCOMRAM 000001
?___lwmod                        cstackCOMRAM 000001
?___wmul                         cstackCOMRAM 000001
?_read_prec_or_width             cstackCOMRAM 000007
?_sprintf                        cstackCOMRAM 00002A
?_vfprintf                       cstackCOMRAM 000026
DS3231_Bcd_Bin@bcd_value         cstackCOMRAM 000002
DS3231_Bcd_Bin@temp              cstackCOMRAM 000001
DS3231_Bin_Bcd@binary_value      cstackCOMRAM 000001
DS3231_Bin_Bcd@retval            cstackCOMRAM 000002
DS3231_Bin_Bcd@temp              cstackCOMRAM 000003
DS3231_Get_Time@hr               cstackCOMRAM 000004
DS3231_Get_Time@min              cstackCOMRAM 000005
DS3231_Get_Time@sec              cstackCOMRAM 000006
DS3231_Read@data                 cstackCOMRAM 000003
DS3231_Read@reg                  cstackCOMRAM 000002
DS3231_Set_Date_Time@hr          cstackCOMRAM 000006
DS3231_Set_Date_Time@mn          cstackCOMRAM 000004
DS3231_Set_Date_Time@sc          cstackCOMRAM 000005
I2C_Init_Master@sp_i2c           cstackCOMRAM 000001
I2C_Write@data                   cstackCOMRAM 000001
Lcd_Cmd@a                        cstackCOMRAM 000003
Lcd_Port@a                       cstackCOMRAM 000001
Lcd_Set_Cursor@a                 cstackCOMRAM 000008
Lcd_Set_Cursor@b                 cstackCOMRAM 000004
Lcd_Set_Cursor@temp              cstackCOMRAM 000007
Lcd_Set_Cursor@y                 cstackCOMRAM 000006
Lcd_Set_Cursor@z                 cstackCOMRAM 000005
Lcd_Write_Char@a                 cstackCOMRAM 000004
Lcd_Write_Char@temp              cstackCOMRAM 000002
Lcd_Write_Char@y                 cstackCOMRAM 000003
Lcd_Write_String@a               cstackCOMRAM 000005
Lcd_Write_String@i               cstackCOMRAM 000009
_ADCON1bits                      (abs)        000FC1
_DS3231_Bcd_Bin                  text33       001592
_DS3231_Bin_Bcd                  text15       001488
_DS3231_Get_Time                 text25       0011F0
_DS3231_Read                     text26       0014B6
_DS3231_Set_Date_Time            text14       0013E0
_I2C_Init_Master                 text24       001324
_I2C_Nack                        text32       00157C
_I2C_Read                        text31       001566
_I2C_Restart                     text30       0015D0
_I2C_Start                       text29       0015BC
_I2C_Stop                        text28       0015A8
_I2C_Write                       text27       00154C
_LATBbits                        (abs)        000F8A
_LATDbits                        (abs)        000F8C
_Lcd_Clear                       text21       0015F4
_Lcd_Cmd                         text22       00152C
_Lcd_Init                        text20       00107C
_Lcd_Port                        text23       0012C8
_Lcd_Set_Cursor                  text19       000FF6
_Lcd_Write_Char                  text18       00141C
_Lcd_Write_String                text17       0010FE
_PIR1bits                        (abs)        000F9E
_PORTAbits                       (abs)        000F80
_SSPADD                          (abs)        000FC8
_SSPBUF                          (abs)        000FC9
_SSPCON1                         (abs)        000FC6
_SSPCON2                         (abs)        000FC5
_SSPCON2bits                     (abs)        000FC5
_SSPSTAT                         (abs)        000FC7
_TRISAbits                       (abs)        000F92
_TRISBbits                       (abs)        000F93
_TRISDbits                       (abs)        000F95
__HRAM                           (abs)        000000
__H__absolute__                  __absolute__ 000000
__Habs1                          abs1         000000
__Hbank0                         bank0        000000
__Hbank1                         bank1        000000
__Hbank2                         bank2        000000
__Hbank3                         bank3        000000
__Hbank4                         bank4        000000
__Hbank5                         bank5        000000
__Hbank6                         bank6        000000
__Hbank7                         bank7        000000
__Hbigbss                        bigbss       000000
__Hbigdata                       bigdata      000000
__Hbigram                        bigram       000000
__Hbigsfr                        bigsfr       000000
__Hbss                           bss          000000
__HbssBANK0                      bssBANK0     000000
__HbssCOMRAM                     bssCOMRAM    000000
__Hcinit                         cinit        000000
__Hclrtext                       clrtext      000000
__Hcomram                        comram       000000
__Hconfig                        config       30000E
__Hconst                         const        000000
__HcstackCOMRAM                  cstackCOMRAM 000000
__Hdata                          data         000000
__Heeprom_data                   eeprom_data  000000
__Hfarbss                        farbss       000000
__Hfardata                       fardata      000000
__Hheap                          heap         000000
__Hibigdata                      ibigdata     000000
__Hidata                         idata        000000
__Hidloc                         idloc        200008
__Hifardata                      ifardata     000000
__Hinit                          init         000004
__Hintcode                       intcode      000000
__Hintcode_body                  intcode_body 000000
__Hintcodelo                     intcodelo    000000
__Hintentry                      intentry     000000
__Hintret                        intret       000000
__Hintsave_regs                  intsave_regs 000000
__Hirdata                        irdata       000000
__Hmediumconst                   mediumconst  000000
__HnvFARRAM                      nvFARRAM     000000
__Hnvbit                         nvbit        000000
__Hnvrram                        nvrram       000000
__Hparam                         rparam       000000
__Hpowerup                       powerup      000000
__Hram                           ram          000000
__Hramtop                        ramtop       000800
__Hrbit                          rbit         000000
__Hrbss                          rbss         000000
__Hrdata                         rdata        000000
__Hreset_vec                     reset_vec    000000
__Hrparam                        rparam       000000
__Hsfr                           sfr          000000
__Hsivt_hi                       sivt_hi      000000
__Hsivt_lo                       sivt_lo      000000
__Hsmallconst                    smallconst   000846
__Hspace_0                       (abs)        001604
__Hspace_1                       (abs)        000094
__Hspace_2                       (abs)        000000
__Hspace_4                       (abs)        60000E
__Hstack                         stack        000000
__Hstruct                        struct       000000
__Htemp                          temp         000000
__Htext                          text         000000
__Htext0                         text0        000000
__Htext1                         text1        000000
__Htext10                        text10       000000
__Htext11                        text11       000000
__Htext12                        text12       000000
__Htext13                        text13       000000
__Htext14                        text14       000000
__Htext15                        text15       000000
__Htext16                        text16       000000
__Htext17                        text17       000000
__Htext18                        text18       000000
__Htext19                        text19       000000
__Htext2                         text2        000000
__Htext20                        text20       000000
__Htext21                        text21       000000
__Htext22                        text22       000000
__Htext23                        text23       000000
__Htext24                        text24       000000
__Htext25                        text25       000000
__Htext26                        text26       000000
__Htext27                        text27       000000
__Htext28                        text28       000000
__Htext29                        text29       000000
__Htext3                         text3        000000
__Htext30                        text30       000000
__Htext31                        text31       000000
__Htext32                        text32       000000
__Htext33                        text33       000000
__Htext4                         text4        000000
__Htext5                         text5        000000
__Htext6                         text6        000000
__Htext7                         text7        000000
__Htext8                         text8        000000
__Htext9                         text9        000000
__LRAM                           (abs)        000001
__L__absolute__                  __absolute__ 000000
__Labs1                          abs1         000000
__Lbank0                         bank0        000000
__Lbank1                         bank1        000000
__Lbank2                         bank2        000000
__Lbank3                         bank3        000000
__Lbank4                         bank4        000000
__Lbank5                         bank5        000000
__Lbank6                         bank6        000000
__Lbank7                         bank7        000000
__Lbigbss                        bigbss       000000
__Lbigdata                       bigdata      000000
__Lbigram                        bigram       000000
__Lbigsfr                        bigsfr       000000
__Lbss                           bss          000000
__LbssBANK0                      bssBANK0     000000
__LbssCOMRAM                     bssCOMRAM    000000
__Lcinit                         cinit        000000
__Lclrtext                       clrtext      000000
__Lcomram                        comram       000000
__Lconfig                        config       000000
__Lconst                         const        000000
__LcstackCOMRAM                  cstackCOMRAM 000000
__Ldata                          data         000000
__Leeprom_data                   eeprom_data  000000
__Lfarbss                        farbss       000000
__Lfardata                       fardata      000000
__Lheap                          heap         000000
__Libigdata                      ibigdata     000000
__Lidata                         idata        000000
__Lidloc                         idloc        000000
__Lifardata                      ifardata     000000
__Linit                          init         000000
__Lintcode                       intcode      000000
__Lintcode_body                  intcode_body 000000
__Lintcodelo                     intcodelo    000000
__Lintentry                      intentry     000000
__Lintret                        intret       000000
__Lintsave_regs                  intsave_regs 000000
__Lirdata                        irdata       000000
__Lmediumconst                   mediumconst  000000
__LnvFARRAM                      nvFARRAM     000000
__Lnvbit                         nvbit        000000
__Lnvrram                        nvrram       000000
__Lparam                         rparam       000000
__Lpowerup                       powerup      000000
__Lram                           ram          000000
__Lramtop                        ramtop       000800
__Lrbit                          rbit         000000
__Lrbss                          rbss         000000
__Lrdata                         rdata        000000
__Lreset_vec                     reset_vec    000000
__Lrparam                        rparam       000000
__Lsfr                           sfr          000000
__Lsivt_hi                       sivt_hi      000000
__Lsivt_lo                       sivt_lo      000000
__Lsmallconst                    smallconst   000800
__Lspace_0                       (abs)        000000
__Lspace_1                       (abs)        000000
__Lspace_2                       (abs)        000000
__Lspace_4                       (abs)        000000
__Lstack                         stack        000000
__Lstruct                        struct       000000
__Ltemp                          temp         000000
__Ltext                          text         000000
__Ltext0                         text0        000000
__Ltext1                         text1        000000
__Ltext10                        text10       000000
__Ltext11                        text11       000000
__Ltext12                        text12       000000
__Ltext13                        text13       000000
__Ltext14                        text14       000000
__Ltext15                        text15       000000
__Ltext16                        text16       000000
__Ltext17                        text17       000000
__Ltext18                        text18       000000
__Ltext19                        text19       000000
__Ltext2                         text2        000000
__Ltext20                        text20       000000
__Ltext21                        text21       000000
__Ltext22                        text22       000000
__Ltext23                        text23       000000
__Ltext24                        text24       000000
__Ltext25                        text25       000000
__Ltext26                        text26       000000
__Ltext27                        text27       000000
__Ltext28                        text28       000000
__Ltext29                        text29       000000
__Ltext3                         text3        000000
__Ltext30                        text30       000000
__Ltext31                        text31       000000
__Ltext32                        text32       000000
__Ltext33                        text33       000000
__Ltext4                         text4        000000
__Ltext5                         text5        000000
__Ltext6                         text6        000000
__Ltext7                         text7        000000
__Ltext8                         text8        000000
__Ltext9                         text9        000000
__S0                             (abs)        001604
__S1                             (abs)        000094
__S4                             (abs)        000000
__S5                             (abs)        000000
___awmod                         text16       000D6C
___awmod@counter                 cstackCOMRAM 000005
___awmod@dividend                cstackCOMRAM 000001
___awmod@divisor                 cstackCOMRAM 000003
___awmod@sign                    cstackCOMRAM 000006
___heap_hi                       (abs)        000000
___heap_lo                       (abs)        000000
___inthi_sp                      stack        000000
___inthi_stack_hi                stack        000000
___inthi_stack_lo                stack        000000
___intlo_sp                      stack        000000
___intlo_stack_hi                stack        000000
___intlo_stack_lo                stack        000000
___lwdiv                         text10       00117C
___lwdiv@counter                 cstackCOMRAM 000007
___lwdiv@dividend                cstackCOMRAM 000001
___lwdiv@divisor                 cstackCOMRAM 000003
___lwdiv@quotient                cstackCOMRAM 000005
___lwmod                         text9        001264
___lwmod@counter                 cstackCOMRAM 000005
___lwmod@dividend                cstackCOMRAM 000001
___lwmod@divisor                 cstackCOMRAM 000003
___param_bank                    (abs)        000000
___rparam_used                   (abs)        000001
___sp                            stack        000000
___stack_hi                      stack        000000
___stack_lo                      stack        000000
___wmul                          text12       0014E4
___wmul@multiplicand             cstackCOMRAM 000003
___wmul@multiplier               cstackCOMRAM 000001
___wmul@product                  cstackCOMRAM 000005
__accesstop                      (abs)        000060
__activetblptr                   (abs)        000002
__end_of_DS3231_Bcd_Bin          text33       0015A8
__end_of_DS3231_Bin_Bcd          text15       0014B6
__end_of_DS3231_Get_Time         text25       001264
__end_of_DS3231_Read             text26       0014E4
__end_of_DS3231_Set_Date_Time    text14       00141C
__end_of_I2C_Init_Master         text24       001366
__end_of_I2C_Nack                text32       001592
__end_of_I2C_Read                text31       00157C
__end_of_I2C_Restart             text30       0015E4
__end_of_I2C_Start               text29       0015D0
__end_of_I2C_Stop                text28       0015BC
__end_of_I2C_Write               text27       001566
__end_of_Lcd_Clear               text21       001602
__end_of_Lcd_Cmd                 text22       00154C
__end_of_Lcd_Init                text20       0010FE
__end_of_Lcd_Port                text23       001324
__end_of_Lcd_Set_Cursor          text19       00107C
__end_of_Lcd_Write_Char          text18       001454
__end_of_Lcd_Write_String        text17       00117C
__end_of___awmod                 text16       000E1C
__end_of___lwdiv                 text10       0011F0
__end_of___lwmod                 text9        0012C8
__end_of___wmul                  text12       00150A
__end_of__initialization         cinit        001522
__end_of_fputc                   text7        000EC6
__end_of_fputs                   text6        0013E0
__end_of_inicializarHoraColombia text13       0015F4
__end_of_main                    text0        000B32
__end_of_pad                     text5        000FF6
__end_of_putch                   text8        001604
__end_of_read_prec_or_width      text11       000F6C
__end_of_sprintf                 text1        001488
__end_of_utoa                    text4        000D6C
__end_of_vfpfcnvrt               text3        000C8C
__end_of_vfprintf                text2        0013A4
__initialization                 cinit        00150A
__mediumconst                    mediumconst  000000
__pbssBANK0                      bssBANK0     000060
__pbssCOMRAM                     bssCOMRAM    000041
__pcinit                         cinit        00150A
__pcstackCOMRAM                  cstackCOMRAM 000001
__psmallconst                    smallconst   000800
__ptext0                         text0        000846
__ptext1                         text1        001454
__ptext10                        text10       00117C
__ptext11                        text11       000EC6
__ptext12                        text12       0014E4
__ptext13                        text13       0015E4
__ptext14                        text14       0013E0
__ptext15                        text15       001488
__ptext16                        text16       000D6C
__ptext17                        text17       0010FE
__ptext18                        text18       00141C
__ptext19                        text19       000FF6
__ptext2                         text2        001366
__ptext20                        text20       00107C
__ptext21                        text21       0015F4
__ptext22                        text22       00152C
__ptext23                        text23       0012C8
__ptext24                        text24       001324
__ptext25                        text25       0011F0
__ptext26                        text26       0014B6
__ptext27                        text27       00154C
__ptext28                        text28       0015A8
__ptext29                        text29       0015BC
__ptext3                         text3        000B32
__ptext30                        text30       0015D0
__ptext31                        text31       001566
__ptext32                        text32       00157C
__ptext33                        text33       001592
__ptext4                         text4        000C8C
__ptext5                         text5        000F6C
__ptext6                         text6        0013A4
__ptext7                         text7        000E1C
__ptext8                         text8        001602
__ptext9                         text9        001264
__ramtop                         ramtop       000800
__smallconst                     smallconst   000800
_alarm_hour                      bssCOMRAM    00004A
_alarm_hr                        bssCOMRAM    000047
_alarm_min                       bssCOMRAM    000046
_alarm_minute                    bssCOMRAM    000049
_buffer                          bssBANK0     000080
_dbuf                            bssBANK0     000060
_estado                          bssCOMRAM    000048
_flags                           bssCOMRAM    000045
_fputc                           text7        000E1C
_fputs                           text6        0013A4
_hr                              bssCOMRAM    00004D
_inicializarHoraColombia         text13       0015E4
_main                            text0        000846
_min                             bssCOMRAM    00004C
_pad                             text5        000F6C
_prec                            bssCOMRAM    000043
_putch                           text8        001602
_read_prec_or_width              text11       000EC6
_sec                             bssCOMRAM    00004B
_sprintf                         text1        001454
_utoa                            text4        000C8C
_vfpfcnvrt                       text3        000B32
_vfprintf                        text2        001366
_width                           bssCOMRAM    000041
end_of_initialization            cinit        001522
fputc@c                          cstackCOMRAM 000001
fputc@fp                         cstackCOMRAM 000003
fputs@c                          cstackCOMRAM 00000B
fputs@fp                         cstackCOMRAM 00000A
fputs@i                          cstackCOMRAM 00000C
fputs@s                          cstackCOMRAM 000009
intlevel0                        text         000000
intlevel1                        text         000000
intlevel2                        text         000000
intlevel3                        text         000000
isa$std                          (abs)        000001
isa$xinst                        (abs)        000000
pad@buf                          cstackCOMRAM 00000F
pad@fp                           cstackCOMRAM 00000E
pad@i                            cstackCOMRAM 000013
pad@p                            cstackCOMRAM 000010
read_prec_or_width@ap            cstackCOMRAM 000008
read_prec_or_width@c             cstackCOMRAM 000009
read_prec_or_width@fmt           cstackCOMRAM 000007
read_prec_or_width@n             cstackCOMRAM 00000A
sprintf@ap                       cstackCOMRAM 000032
sprintf@f                        cstackCOMRAM 000033
sprintf@fmt                      cstackCOMRAM 00002B
sprintf@s                        cstackCOMRAM 00002A
stackhi                          (abs)        000000
stacklo                          (abs)        000000
start                            init         000000
start_initialization             cinit        00150A
utoa@d                           cstackCOMRAM 000016
utoa@fp                          cstackCOMRAM 000015
utoa@i                           cstackCOMRAM 00001B
utoa@p                           cstackCOMRAM 000018
utoa@w                           cstackCOMRAM 000019
vfpfcnvrt@ap                     cstackCOMRAM 00001F
vfpfcnvrt@convarg                cstackCOMRAM 000020
vfpfcnvrt@cp                     cstackCOMRAM 000025
vfpfcnvrt@done                   cstackCOMRAM 000024
vfpfcnvrt@fmt                    cstackCOMRAM 00001E
vfpfcnvrt@fp                     cstackCOMRAM 00001D
vfprintf@ap                      cstackCOMRAM 000028
vfprintf@cfmt                    cstackCOMRAM 000029
vfprintf@fmt                     cstackCOMRAM 000027
vfprintf@fp                      cstackCOMRAM 000026


MODULE INFORMATION

Module		Function		Class		Link	Load	Size
C:\Program Files\Microchip\xc8\v2.46\pic\sources\c99\common\nf_fputc.c
		_fputc         		CODE           	0E1C	0000	170

C:\Program Files\Microchip\xc8\v2.46\pic\sources\c99\common\nf_fputc.c estimated size: 170

C:\Program Files\Microchip\xc8\v2.46\pic\sources\c99\common\lwdiv.c
		___lwdiv       		CODE           	117C	0000	116

C:\Program Files\Microchip\xc8\v2.46\pic\sources\c99\common\lwdiv.c estimated size: 116

RTC_Set_Data.c
		_main          		CODE           	0846	0000	748
		_inicializarHoraColombia		CODE           	15E4	0000	16

RTC_Set_Data.c estimated size: 764

i2c.c
		_I2C_Init_Master		CODE           	1324	0000	66
		_I2C_Write     		CODE           	154C	0000	26
		_I2C_Stop      		CODE           	15A8	0000	20
		_I2C_Read      		CODE           	1566	0000	22
		_I2C_Nack      		CODE           	157C	0000	22
		_I2C_Start     		CODE           	15BC	0000	20
		_I2C_Restart   		CODE           	15D0	0000	20

i2c.c estimated size: 196

ds3231.c
		_DS3231_Read   		CODE           	14B6	0000	46
		_DS3231_Bin_Bcd		CODE           	1488	0000	46
		_DS3231_Bcd_Bin		CODE           	1592	0000	22
		_DS3231_Get_Time		CODE           	11F0	0000	116
		_DS3231_Set_Date_Time		CODE           	13E0	0000	60

ds3231.c estimated size: 290

C:\Program Files\Microchip\xc8\v2.46\pic\sources\c99\common\doprnt.c
		_read_prec_or_width		CODE           	0EC6	0000	166
		_vfpfcnvrt     		CODE           	0B32	0000	346
		_pad           		CODE           	0F6C	0000	138
		_vfprintf      		CODE           	1366	0000	62
		_utoa          		CODE           	0C8C	0000	224

C:\Program Files\Microchip\xc8\v2.46\pic\sources\c99\common\doprnt.c estimated size: 936

C:\Program Files\Microchip\xc8\v2.46\pic\sources\c99\common\nf_sprintf.c
		_sprintf       		CODE           	1454	0000	52

C:\Program Files\Microchip\xc8\v2.46\pic\sources\c99\common\nf_sprintf.c estimated size: 52

shared
		__initialization		CODE           	150A	0000	24

shared estimated size: 24

C:\Program Files\Microchip\xc8\v2.46\pic\sources\c99\common\putch.c
		_putch         		CODE           	1602	0000	2

C:\Program Files\Microchip\xc8\v2.46\pic\sources\c99\common\putch.c estimated size: 2

C:\Program Files\Microchip\xc8\v2.46\pic\sources\c99\common\Umul16.c
		___wmul        		CODE           	14E4	0000	38

C:\Program Files\Microchip\xc8\v2.46\pic\sources\c99\common\Umul16.c estimated size: 38

C:\Program Files\Microchip\xc8\v2.46\pic\sources\c99\common\nf_fputs.c
		_fputs         		CODE           	13A4	0000	60

C:\Program Files\Microchip\xc8\v2.46\pic\sources\c99\common\nf_fputs.c estimated size: 60

lcd.c
		_Lcd_Write_String		CODE           	10FE	0000	126
		_Lcd_Init      		CODE           	107C	0000	130
		_Lcd_Write_Char		CODE           	141C	0000	56
		_Lcd_Cmd       		CODE           	152C	0000	32
		_Lcd_Set_Cursor		CODE           	0FF6	0000	134
		_Lcd_Clear     		CODE           	15F4	0000	14
		_Lcd_Port      		CODE           	12C8	0000	92

lcd.c estimated size: 584

C:\Program Files\Microchip\xc8\v2.46\pic\sources\c99\common\lwmod.c
		___lwmod       		CODE           	1264	0000	100

C:\Program Files\Microchip\xc8\v2.46\pic\sources\c99\common\lwmod.c estimated size: 100

C:\Program Files\Microchip\xc8\v2.46\pic\sources\c99\common\awmod.c
		___awmod       		CODE           	0D6C	0000	176

C:\Program Files\Microchip\xc8\v2.46\pic\sources\c99\common\awmod.c estimated size: 176

